ERROR 2022-05-27 11:43:53,995 : fdsss - фильма с таким названием не существует /Users/qwidi4/PycharmProjects/hw_lesson_14/main.py >> movie_page
ERROR 2022-05-27 11:47:05,652 : Некорректно введена дата (('fds', '1900')) /Users/qwidi4/PycharmProjects/hw_lesson_14/main.py >> movie_by_year
